[0;34m========================================[0m
[0;34m  WatchFaceSDK-ObjC 纯ObjC构建[0m
[0;34m========================================[0m

[0;32m🧹 清理构建目录...[0m
[0;32m🔍 检查依赖...[0m
   ✅ WatchProtocolSDK.xcframework
[0;32m📦 收集源文件...[0m
   找到 5 个 .m 文件
   找到 7 个 .h 文件

[0;32m📱 编译 iOS Device (arm64)...[0m
   编译 WFManager.m
In file included from /Users/anker/Downloads/SmartBracelet/WatchFaceSDK-Pure-ObjC/Core/WFManager.m:8:
/Users/anker/Downloads/SmartBracelet/WatchFaceSDK-Pure-ObjC/Core/WFManager.h:79:58: warning: pointer is missing a nullability type specifier (_Nonnull, _Nullable, or _Null_unspecified) [-Wnullability-completeness]
   79 | - (BOOL)validateImage:(UIImage *)image message:(NSString **)message;
      |                                                          ^
/Users/anker/Downloads/SmartBracelet/WatchFaceSDK-Pure-ObjC/Core/WFManager.h:79:58: note: insert '_Nullable' if the pointer may be null
   79 | - (BOOL)validateImage:(UIImage *)image message:(NSString **)message;
      |                                                          ^
      |                                                           _Nullable
/Users/anker/Downloads/SmartBracelet/WatchFaceSDK-Pure-ObjC/Core/WFManager.h:79:58: note: insert '_Nonnull' if the pointer should never be null
   79 | - (BOOL)validateImage:(UIImage *)image message:(NSString **)message;
      |                                                          ^
      |                                                           _Nonnull
/Users/anker/Downloads/SmartBracelet/WatchFaceSDK-Pure-ObjC/Core/WFManager.h:79:59: warning: pointer is missing a nullability type specifier (_Nonnull, _Nullable, or _Null_unspecified) [-Wnullability-completeness]
   79 | - (BOOL)validateImage:(UIImage *)image message:(NSString **)message;
      |                                                           ^
/Users/anker/Downloads/SmartBracelet/WatchFaceSDK-Pure-ObjC/Core/WFManager.h:79:59: note: insert '_Nullable' if the pointer may be null
   79 | - (BOOL)validateImage:(UIImage *)image message:(NSString **)message;
      |                                                           ^
      |                                                            _Nullable
/Users/anker/Downloads/SmartBracelet/WatchFaceSDK-Pure-ObjC/Core/WFManager.h:79:59: note: insert '_Nonnull' if the pointer should never be null
   79 | - (BOOL)validateImage:(UIImage *)image message:(NSString **)message;
      |                                                           ^
      |                                                            _Nonnull
In file included from /Users/anker/Downloads/SmartBracelet/WatchFaceSDK-Pure-ObjC/Core/WFManager.m:9:
/Users/anker/Downloads/SmartBracelet/WatchFaceSDK-Pure-ObjC/Core/WFImageProcessor.h:42:58: warning: pointer is missing a nullability type specifier (_Nonnull, _Nullable, or _Null_unspecified) [-Wnullability-completeness]
   42 | + (BOOL)validateImage:(UIImage *)image message:(NSString **)message;
      |                                                          ^
/Users/anker/Downloads/SmartBracelet/WatchFaceSDK-Pure-ObjC/Core/WFImageProcessor.h:42:58: note: insert '_Nullable' if the pointer may be null
   42 | + (BOOL)validateImage:(UIImage *)image message:(NSString **)message;
      |                                                          ^
      |                                                           _Nullable
/Users/anker/Downloads/SmartBracelet/WatchFaceSDK-Pure-ObjC/Core/WFImageProcessor.h:42:58: note: insert '_Nonnull' if the pointer should never be null
   42 | + (BOOL)validateImage:(UIImage *)image message:(NSString **)message;
      |                                                          ^
      |                                                           _Nonnull
/Users/anker/Downloads/SmartBracelet/WatchFaceSDK-Pure-ObjC/Core/WFImageProcessor.h:42:59: warning: pointer is missing a nullability type specifier (_Nonnull, _Nullable, or _Null_unspecified) [-Wnullability-completeness]
   42 | + (BOOL)validateImage:(UIImage *)image message:(NSString **)message;
      |                                                           ^
/Users/anker/Downloads/SmartBracelet/WatchFaceSDK-Pure-ObjC/Core/WFImageProcessor.h:42:59: note: insert '_Nullable' if the pointer may be null
   42 | + (BOOL)validateImage:(UIImage *)image message:(NSString **)message;
      |                                                           ^
      |                                                            _Nullable
/Users/anker/Downloads/SmartBracelet/WatchFaceSDK-Pure-ObjC/Core/WFImageProcessor.h:42:59: note: insert '_Nonnull' if the pointer should never be null
   42 | + (BOOL)validateImage:(UIImage *)image message:(NSString **)message;
      |                                                           ^
      |                                                            _Nonnull
4 warnings generated.
   编译 WFImageProcessor.m
In file included from /Users/anker/Downloads/SmartBracelet/WatchFaceSDK-Pure-ObjC/Core/WFImageProcessor.m:8:
/Users/anker/Downloads/SmartBracelet/WatchFaceSDK-Pure-ObjC/Core/WFImageProcessor.h:42:58: warning: pointer is missing a nullability type specifier (_Nonnull, _Nullable, or _Null_unspecified) [-Wnullability-completeness]
   42 | + (BOOL)validateImage:(UIImage *)image message:(NSString **)message;
      |                                                          ^
/Users/anker/Downloads/SmartBracelet/WatchFaceSDK-Pure-ObjC/Core/WFImageProcessor.h:42:58: note: insert '_Nullable' if the pointer may be null
   42 | + (BOOL)validateImage:(UIImage *)image message:(NSString **)message;
      |                                                          ^
      |                                                           _Nullable
/Users/anker/Downloads/SmartBracelet/WatchFaceSDK-Pure-ObjC/Core/WFImageProcessor.h:42:58: note: insert '_Nonnull' if the pointer should never be null
   42 | + (BOOL)validateImage:(UIImage *)image message:(NSString **)message;
      |                                                          ^
      |                                                           _Nonnull
/Users/anker/Downloads/SmartBracelet/WatchFaceSDK-Pure-ObjC/Core/WFImageProcessor.h:42:59: warning: pointer is missing a nullability type specifier (_Nonnull, _Nullable, or _Null_unspecified) [-Wnullability-completeness]
   42 | + (BOOL)validateImage:(UIImage *)image message:(NSString **)message;
      |                                                           ^
/Users/anker/Downloads/SmartBracelet/WatchFaceSDK-Pure-ObjC/Core/WFImageProcessor.h:42:59: note: insert '_Nullable' if the pointer may be null
   42 | + (BOOL)validateImage:(UIImage *)image message:(NSString **)message;
      |                                                           ^
      |                                                            _Nullable
/Users/anker/Downloads/SmartBracelet/WatchFaceSDK-Pure-ObjC/Core/WFImageProcessor.h:42:59: note: insert '_Nonnull' if the pointer should never be null
   42 | + (BOOL)validateImage:(UIImage *)image message:(NSString **)message;
      |                                                           ^
      |                                                            _Nonnull
2 warnings generated.
   编译 WFTransferEngine.m
   编译 WFDeviceScreenInfo.m
   编译 WFTransferProgress.m
[0;32m🔗 链接 Device Framework...[0m

[0;32m📱 编译 iOS Simulator (arm64 + x86_64)...[0m
In file included from /Users/anker/Downloads/SmartBracelet/WatchFaceSDK-Pure-ObjC/Core/WFManager.m:8:
/Users/anker/Downloads/SmartBracelet/WatchFaceSDK-Pure-ObjC/Core/WFManager.h:79:58: warning: pointer is missing a nullability type specifier (_Nonnull, _Nullable, or _Null_unspecified) [-Wnullability-completeness]
   79 | - (BOOL)validateImage:(UIImage *)image message:(NSString **)message;
      |                                                          ^
/Users/anker/Downloads/SmartBracelet/WatchFaceSDK-Pure-ObjC/Core/WFManager.h:79:58: note: insert '_Nullable' if the pointer may be null
   79 | - (BOOL)validateImage:(UIImage *)image message:(NSString **)message;
      |                                                          ^
      |                                                           _Nullable
/Users/anker/Downloads/SmartBracelet/WatchFaceSDK-Pure-ObjC/Core/WFManager.h:79:58: note: insert '_Nonnull' if the pointer should never be null
   79 | - (BOOL)validateImage:(UIImage *)image message:(NSString **)message;
      |                                                          ^
      |                                                           _Nonnull
/Users/anker/Downloads/SmartBracelet/WatchFaceSDK-Pure-ObjC/Core/WFManager.h:79:59: warning: pointer is missing a nullability type specifier (_Nonnull, _Nullable, or _Null_unspecified) [-Wnullability-completeness]
   79 | - (BOOL)validateImage:(UIImage *)image message:(NSString **)message;
      |                                                           ^
/Users/anker/Downloads/SmartBracelet/WatchFaceSDK-Pure-ObjC/Core/WFManager.h:79:59: note: insert '_Nullable' if the pointer may be null
   79 | - (BOOL)validateImage:(UIImage *)image message:(NSString **)message;
      |                                                           ^
      |                                                            _Nullable
/Users/anker/Downloads/SmartBracelet/WatchFaceSDK-Pure-ObjC/Core/WFManager.h:79:59: note: insert '_Nonnull' if the pointer should never be null
   79 | - (BOOL)validateImage:(UIImage *)image message:(NSString **)message;
      |                                                           ^
      |                                                            _Nonnull
In file included from /Users/anker/Downloads/SmartBracelet/WatchFaceSDK-Pure-ObjC/Core/WFManager.m:9:
/Users/anker/Downloads/SmartBracelet/WatchFaceSDK-Pure-ObjC/Core/WFImageProcessor.h:42:58: warning: pointer is missing a nullability type specifier (_Nonnull, _Nullable, or _Null_unspecified) [-Wnullability-completeness]
   42 | + (BOOL)validateImage:(UIImage *)image message:(NSString **)message;
      |                                                          ^
/Users/anker/Downloads/SmartBracelet/WatchFaceSDK-Pure-ObjC/Core/WFImageProcessor.h:42:58: note: insert '_Nullable' if the pointer may be null
   42 | + (BOOL)validateImage:(UIImage *)image message:(NSString **)message;
      |                                                          ^
      |                                                           _Nullable
/Users/anker/Downloads/SmartBracelet/WatchFaceSDK-Pure-ObjC/Core/WFImageProcessor.h:42:58: note: insert '_Nonnull' if the pointer should never be null
   42 | + (BOOL)validateImage:(UIImage *)image message:(NSString **)message;
      |                                                          ^
      |                                                           _Nonnull
/Users/anker/Downloads/SmartBracelet/WatchFaceSDK-Pure-ObjC/Core/WFImageProcessor.h:42:59: warning: pointer is missing a nullability type specifier (_Nonnull, _Nullable, or _Null_unspecified) [-Wnullability-completeness]
   42 | + (BOOL)validateImage:(UIImage *)image message:(NSString **)message;
      |                                                           ^
/Users/anker/Downloads/SmartBracelet/WatchFaceSDK-Pure-ObjC/Core/WFImageProcessor.h:42:59: note: insert '_Nullable' if the pointer may be null
   42 | + (BOOL)validateImage:(UIImage *)image message:(NSString **)message;
      |                                                           ^
      |                                                            _Nullable
/Users/anker/Downloads/SmartBracelet/WatchFaceSDK-Pure-ObjC/Core/WFImageProcessor.h:42:59: note: insert '_Nonnull' if the pointer should never be null
   42 | + (BOOL)validateImage:(UIImage *)image message:(NSString **)message;
      |                                                           ^
      |                                                            _Nonnull
4 warnings generated.
In file included from /Users/anker/Downloads/SmartBracelet/WatchFaceSDK-Pure-ObjC/Core/WFImageProcessor.m:8:
/Users/anker/Downloads/SmartBracelet/WatchFaceSDK-Pure-ObjC/Core/WFImageProcessor.h:42:58: warning: pointer is missing a nullability type specifier (_Nonnull, _Nullable, or _Null_unspecified) [-Wnullability-completeness]
   42 | + (BOOL)validateImage:(UIImage *)image message:(NSString **)message;
      |                                                          ^
/Users/anker/Downloads/SmartBracelet/WatchFaceSDK-Pure-ObjC/Core/WFImageProcessor.h:42:58: note: insert '_Nullable' if the pointer may be null
   42 | + (BOOL)validateImage:(UIImage *)image message:(NSString **)message;
      |                                                          ^
      |                                                           _Nullable
/Users/anker/Downloads/SmartBracelet/WatchFaceSDK-Pure-ObjC/Core/WFImageProcessor.h:42:58: note: insert '_Nonnull' if the pointer should never be null
   42 | + (BOOL)validateImage:(UIImage *)image message:(NSString **)message;
      |                                                          ^
      |                                                           _Nonnull
/Users/anker/Downloads/SmartBracelet/WatchFaceSDK-Pure-ObjC/Core/WFImageProcessor.h:42:59: warning: pointer is missing a nullability type specifier (_Nonnull, _Nullable, or _Null_unspecified) [-Wnullability-completeness]
   42 | + (BOOL)validateImage:(UIImage *)image message:(NSString **)message;
      |                                                           ^
/Users/anker/Downloads/SmartBracelet/WatchFaceSDK-Pure-ObjC/Core/WFImageProcessor.h:42:59: note: insert '_Nullable' if the pointer may be null
   42 | + (BOOL)validateImage:(UIImage *)image message:(NSString **)message;
      |                                                           ^
      |                                                            _Nullable
/Users/anker/Downloads/SmartBracelet/WatchFaceSDK-Pure-ObjC/Core/WFImageProcessor.h:42:59: note: insert '_Nonnull' if the pointer should never be null
   42 | + (BOOL)validateImage:(UIImage *)image message:(NSString **)message;
      |                                                           ^
      |                                                            _Nonnull
2 warnings generated.
In file included from /Users/anker/Downloads/SmartBracelet/WatchFaceSDK-Pure-ObjC/Core/WFManager.m:8:
/Users/anker/Downloads/SmartBracelet/WatchFaceSDK-Pure-ObjC/Core/WFManager.h:79:58: warning: pointer is missing a nullability type specifier (_Nonnull, _Nullable, or _Null_unspecified) [-Wnullability-completeness]
   79 | - (BOOL)validateImage:(UIImage *)image message:(NSString **)message;
      |                                                          ^
/Users/anker/Downloads/SmartBracelet/WatchFaceSDK-Pure-ObjC/Core/WFManager.h:79:58: note: insert '_Nullable' if the pointer may be null
   79 | - (BOOL)validateImage:(UIImage *)image message:(NSString **)message;
      |                                                          ^
      |                                                           _Nullable
/Users/anker/Downloads/SmartBracelet/WatchFaceSDK-Pure-ObjC/Core/WFManager.h:79:58: note: insert '_Nonnull' if the pointer should never be null
   79 | - (BOOL)validateImage:(UIImage *)image message:(NSString **)message;
      |                                                          ^
      |                                                           _Nonnull
/Users/anker/Downloads/SmartBracelet/WatchFaceSDK-Pure-ObjC/Core/WFManager.h:79:59: warning: pointer is missing a nullability type specifier (_Nonnull, _Nullable, or _Null_unspecified) [-Wnullability-completeness]
   79 | - (BOOL)validateImage:(UIImage *)image message:(NSString **)message;
      |                                                           ^
/Users/anker/Downloads/SmartBracelet/WatchFaceSDK-Pure-ObjC/Core/WFManager.h:79:59: note: insert '_Nullable' if the pointer may be null
   79 | - (BOOL)validateImage:(UIImage *)image message:(NSString **)message;
      |                                                           ^
      |                                                            _Nullable
/Users/anker/Downloads/SmartBracelet/WatchFaceSDK-Pure-ObjC/Core/WFManager.h:79:59: note: insert '_Nonnull' if the pointer should never be null
   79 | - (BOOL)validateImage:(UIImage *)image message:(NSString **)message;
      |                                                           ^
      |                                                            _Nonnull
In file included from /Users/anker/Downloads/SmartBracelet/WatchFaceSDK-Pure-ObjC/Core/WFManager.m:9:
/Users/anker/Downloads/SmartBracelet/WatchFaceSDK-Pure-ObjC/Core/WFImageProcessor.h:42:58: warning: pointer is missing a nullability type specifier (_Nonnull, _Nullable, or _Null_unspecified) [-Wnullability-completeness]
   42 | + (BOOL)validateImage:(UIImage *)image message:(NSString **)message;
      |                                                          ^
/Users/anker/Downloads/SmartBracelet/WatchFaceSDK-Pure-ObjC/Core/WFImageProcessor.h:42:58: note: insert '_Nullable' if the pointer may be null
   42 | + (BOOL)validateImage:(UIImage *)image message:(NSString **)message;
      |                                                          ^
      |                                                           _Nullable
/Users/anker/Downloads/SmartBracelet/WatchFaceSDK-Pure-ObjC/Core/WFImageProcessor.h:42:58: note: insert '_Nonnull' if the pointer should never be null
   42 | + (BOOL)validateImage:(UIImage *)image message:(NSString **)message;
      |                                                          ^
      |                                                           _Nonnull
/Users/anker/Downloads/SmartBracelet/WatchFaceSDK-Pure-ObjC/Core/WFImageProcessor.h:42:59: warning: pointer is missing a nullability type specifier (_Nonnull, _Nullable, or _Null_unspecified) [-Wnullability-completeness]
   42 | + (BOOL)validateImage:(UIImage *)image message:(NSString **)message;
      |                                                           ^
/Users/anker/Downloads/SmartBracelet/WatchFaceSDK-Pure-ObjC/Core/WFImageProcessor.h:42:59: note: insert '_Nullable' if the pointer may be null
   42 | + (BOOL)validateImage:(UIImage *)image message:(NSString **)message;
      |                                                           ^
      |                                                            _Nullable
/Users/anker/Downloads/SmartBracelet/WatchFaceSDK-Pure-ObjC/Core/WFImageProcessor.h:42:59: note: insert '_Nonnull' if the pointer should never be null
   42 | + (BOOL)validateImage:(UIImage *)image message:(NSString **)message;
      |                                                           ^
      |                                                            _Nonnull
4 warnings generated.
In file included from /Users/anker/Downloads/SmartBracelet/WatchFaceSDK-Pure-ObjC/Core/WFImageProcessor.m:8:
/Users/anker/Downloads/SmartBracelet/WatchFaceSDK-Pure-ObjC/Core/WFImageProcessor.h:42:58: warning: pointer is missing a nullability type specifier (_Nonnull, _Nullable, or _Null_unspecified) [-Wnullability-completeness]
   42 | + (BOOL)validateImage:(UIImage *)image message:(NSString **)message;
      |                                                          ^
/Users/anker/Downloads/SmartBracelet/WatchFaceSDK-Pure-ObjC/Core/WFImageProcessor.h:42:58: note: insert '_Nullable' if the pointer may be null
   42 | + (BOOL)validateImage:(UIImage *)image message:(NSString **)message;
      |                                                          ^
      |                                                           _Nullable
/Users/anker/Downloads/SmartBracelet/WatchFaceSDK-Pure-ObjC/Core/WFImageProcessor.h:42:58: note: insert '_Nonnull' if the pointer should never be null
   42 | + (BOOL)validateImage:(UIImage *)image message:(NSString **)message;
      |                                                          ^
      |                                                           _Nonnull
/Users/anker/Downloads/SmartBracelet/WatchFaceSDK-Pure-ObjC/Core/WFImageProcessor.h:42:59: warning: pointer is missing a nullability type specifier (_Nonnull, _Nullable, or _Null_unspecified) [-Wnullability-completeness]
   42 | + (BOOL)validateImage:(UIImage *)image message:(NSString **)message;
      |                                                           ^
/Users/anker/Downloads/SmartBracelet/WatchFaceSDK-Pure-ObjC/Core/WFImageProcessor.h:42:59: note: insert '_Nullable' if the pointer may be null
   42 | + (BOOL)validateImage:(UIImage *)image message:(NSString **)message;
      |                                                           ^
      |                                                            _Nullable
/Users/anker/Downloads/SmartBracelet/WatchFaceSDK-Pure-ObjC/Core/WFImageProcessor.h:42:59: note: insert '_Nonnull' if the pointer should never be null
   42 | + (BOOL)validateImage:(UIImage *)image message:(NSString **)message;
      |                                                           ^
      |                                                            _Nonnull
2 warnings generated.
[0;32m🔗 链接 Simulator Framework...[0m

[0;32m📦 创建 XCFramework...[0m
error: unable to read the file at '/Users/anker/Downloads/SmartBracelet/build/WatchFaceObjC-Pure/WatchFaceSDK_ObjC-simulator.framework/WatchFaceSDK_ObjC-simulator'
